// Jest Snapshot v1, https://goo.gl/fbAQLP

exports[`Route should match default 1`] = `<div />`;

exports[`getServerSideProps should return the appropriate props 1`] = `
Object {
  "props": Object {
    "directions": Array [
      Object {
        "direction_id": "0",
        "direction_name": "Northbound",
      },
      Object {
        "direction_id": "1",
        "direction_name": "Southbound",
      },
    ],
  },
}
`;
